// Jest Snapshot v1, https://goo.gl/fbAQLP

exports[`Select matches snapshot 1`] = `
<div>
  <div
    class="Select__BasicSelectStyle-sc-1x647ba-0 iqzeTB"
    size="40"
  >
    <select>
      <option
        value="0"
      >
        첫번째
      </option>
      <option
        value="1"
      >
        두번째
      </option>
      <option
        value="2"
      >
        세번째
      </option>
    </select>
  </div>
</div>
`;
