// Jest Snapshot v1, https://goo.gl/fbAQLP

exports[`Select matches snapshot 1`] = `
<div>
  <div
    class="Tab__TabStyle-pfmx17-0 iKWPxz"
  >
    <div
      class="tab-nav"
    >
      <button
        class="nav-item active"
        type="button"
      >
        <span>
          한국
        </span>
      </button>
      <button
        class="nav-item "
        type="button"
      >
        <span>
          일본
        </span>
      </button>
      <button
        class="nav-item "
        type="button"
      >
        <span>
          홍콩
        </span>
      </button>
      <button
        class="nav-item "
        type="button"
      >
        <span>
          마카오
        </span>
      </button>
    </div>
    <div
      class="Tab__BarStyle-pfmx17-1 fFOGPD"
      width="0"
    />
  </div>
</div>
`;
