// Jest Snapshot v1, https://goo.gl/fbAQLP

exports[`Thumbnail matches snapshot 1`] = `
<div>
  <div
    class="Thumbnail__ThumbnailStyle-sc-1jpigpn-0 kUqCku"
  >
    <span>
      loading...
    </span>
    <img
      alt="this is one"
      src="https://placeimg.com/600/300/any"
    />
  </div>
</div>
`;
